[debug] [2026-04-21T19:57:23.808Z] ----------------------------------------------------------------------
[debug] [2026-04-21T19:57:23.809Z] Command:       /usr/local/bin/node /Users/unknownyahia/Documents/SDPII/SDPII/node_modules/.bin/firebase auth:export /tmp/spots-auth-users.json --format=json --project spots-42d51
[debug] [2026-04-21T19:57:23.810Z] CLI Version:   15.14.0
[debug] [2026-04-21T19:57:23.810Z] Platform:      darwin
[debug] [2026-04-21T19:57:23.810Z] Node Version:  v22.14.0
[debug] [2026-04-21T19:57:23.810Z] Time:          Tue Apr 21 2026 22:57:23 GMT+0300 (Arabian Standard Time)
[debug] [2026-04-21T19:57:23.810Z] ----------------------------------------------------------------------
[debug] 
[debug] [2026-04-21T19:57:23.908Z] > command requires scopes: ["email","openid","https://www.googleapis.com/auth/cloudplatformprojects.readonly","https://www.googleapis.com/auth/firebase","https://www.googleapis.com/auth/cloud-platform"]
[debug] [2026-04-21T19:57:23.909Z] > authorizing via signed-in user (zagadyahia2002@gmail.com)
[debug] [2026-04-21T19:57:23.909Z] [iam] checking project spots-42d51 for permissions ["firebase.projects.get","firebaseauth.users.get"]
[debug] [2026-04-21T19:57:23.910Z] Checked if tokens are valid: true, expires at: 1776804314550
[debug] [2026-04-21T19:57:23.910Z] Checked if tokens are valid: true, expires at: 1776804314550
[debug] [2026-04-21T19:57:23.911Z] >>> [apiv2][query] POST https://cloudresourcemanager.googleapis.com/v1/projects/spots-42d51:testIamPermissions [none]
[debug] [2026-04-21T19:57:23.911Z] >>> [apiv2][(partial)header] POST https://cloudresourcemanager.googleapis.com/v1/projects/spots-42d51:testIamPermissions  x-goog-user-project=spots-42d51
[debug] [2026-04-21T19:57:23.911Z] >>> [apiv2][body] POST https://cloudresourcemanager.googleapis.com/v1/projects/spots-42d51:testIamPermissions {"permissions":["firebase.projects.get","firebaseauth.users.get"]}
[debug] [2026-04-21T19:57:25.325Z] <<< [apiv2][status] POST https://cloudresourcemanager.googleapis.com/v1/projects/spots-42d51:testIamPermissions 200
[debug] [2026-04-21T19:57:25.325Z] <<< [apiv2][body] POST https://cloudresourcemanager.googleapis.com/v1/projects/spots-42d51:testIamPermissions {"permissions":["firebase.projects.get","firebaseauth.users.get"]}
[info] Exporting accounts to /tmp/spots-auth-users.json
[debug] [2026-04-21T19:57:25.325Z] Checked if tokens are valid: true, expires at: 1776804314550
[debug] [2026-04-21T19:57:25.325Z] Checked if tokens are valid: true, expires at: 1776804314550
[debug] [2026-04-21T19:57:25.325Z] >>> [apiv2][query] POST https://www.googleapis.com/identitytoolkit/v3/relyingparty/downloadAccount [none]
[debug] [2026-04-21T19:57:25.326Z] >>> [apiv2][body] POST https://www.googleapis.com/identitytoolkit/v3/relyingparty/downloadAccount {"targetProjectId":"spots-42d51","maxResults":1000}
[debug] [2026-04-21T19:57:25.844Z] <<< [apiv2][status] POST https://www.googleapis.com/identitytoolkit/v3/relyingparty/downloadAccount 200
[debug] [2026-04-21T19:57:25.844Z] <<< [apiv2][body] POST https://www.googleapis.com/identitytoolkit/v3/relyingparty/downloadAccount [omitted]
[info] ✔  Exported 28 account(s) successfully. 
[debug] [2026-04-21T19:59:41.459Z] ----------------------------------------------------------------------
[debug] [2026-04-21T19:59:41.461Z] Command:       /usr/local/bin/node /Users/unknownyahia/Documents/SDPII/SDPII/node_modules/.bin/firebase projects:list --json
[debug] [2026-04-21T19:59:41.461Z] CLI Version:   15.14.0
[debug] [2026-04-21T19:59:41.461Z] Platform:      darwin
[debug] [2026-04-21T19:59:41.461Z] Node Version:  v22.14.0
[debug] [2026-04-21T19:59:41.461Z] Time:          Tue Apr 21 2026 22:59:41 GMT+0300 (Arabian Standard Time)
[debug] [2026-04-21T19:59:41.461Z] ----------------------------------------------------------------------
[debug] 
[debug] [2026-04-21T19:59:41.556Z] > command requires scopes: ["email","openid","https://www.googleapis.com/auth/cloudplatformprojects.readonly","https://www.googleapis.com/auth/firebase","https://www.googleapis.com/auth/cloud-platform"]
[debug] [2026-04-21T19:59:41.556Z] > authorizing via signed-in user (zagadyahia2002@gmail.com)
[debug] [2026-04-21T19:59:41.557Z] Checked if tokens are valid: true, expires at: 1776804314550
[debug] [2026-04-21T19:59:41.557Z] Checked if tokens are valid: true, expires at: 1776804314550
[debug] [2026-04-21T19:59:41.558Z] >>> [apiv2][query] GET https://firebase.googleapis.com/v1beta1/projects pageSize=1000
[debug] [2026-04-21T19:59:42.425Z] <<< [apiv2][status] GET https://firebase.googleapis.com/v1beta1/projects 200
[debug] [2026-04-21T19:59:44.156Z] ----------------------------------------------------------------------
[debug] [2026-04-21T19:59:44.158Z] Command:       /usr/local/bin/node /Users/unknownyahia/Documents/SDPII/SDPII/node_modules/.bin/firebase projects:list --json
[debug] [2026-04-21T19:59:44.158Z] CLI Version:   15.14.0
[debug] [2026-04-21T19:59:44.158Z] Platform:      darwin
[debug] [2026-04-21T19:59:44.158Z] Node Version:  v22.14.0
[debug] [2026-04-21T19:59:44.158Z] Time:          Tue Apr 21 2026 22:59:44 GMT+0300 (Arabian Standard Time)
[debug] [2026-04-21T19:59:44.159Z] ----------------------------------------------------------------------
[debug] 
[debug] [2026-04-21T19:59:44.255Z] > command requires scopes: ["email","openid","https://www.googleapis.com/auth/cloudplatformprojects.readonly","https://www.googleapis.com/auth/firebase","https://www.googleapis.com/auth/cloud-platform"]
[debug] [2026-04-21T19:59:44.255Z] > authorizing via signed-in user (zagadyahia2002@gmail.com)
[debug] [2026-04-21T19:59:44.257Z] Checked if tokens are valid: true, expires at: 1776804314550
[debug] [2026-04-21T19:59:44.257Z] Checked if tokens are valid: true, expires at: 1776804314550
[debug] [2026-04-21T19:59:44.257Z] >>> [apiv2][query] GET https://firebase.googleapis.com/v1beta1/projects pageSize=1000
[debug] [2026-04-21T19:59:45.033Z] <<< [apiv2][status] GET https://firebase.googleapis.com/v1beta1/projects 200
[debug] [2026-04-21T19:59:46.467Z] ----------------------------------------------------------------------
[debug] [2026-04-21T19:59:46.469Z] Command:       /usr/local/bin/node /Users/unknownyahia/Documents/SDPII/SDPII/node_modules/.bin/firebase projects:list --json
[debug] [2026-04-21T19:59:46.469Z] CLI Version:   15.14.0
[debug] [2026-04-21T19:59:46.469Z] Platform:      darwin
[debug] [2026-04-21T19:59:46.469Z] Node Version:  v22.14.0
[debug] [2026-04-21T19:59:46.469Z] Time:          Tue Apr 21 2026 22:59:46 GMT+0300 (Arabian Standard Time)
[debug] [2026-04-21T19:59:46.470Z] ----------------------------------------------------------------------
[debug] 
[debug] [2026-04-21T19:59:46.561Z] > command requires scopes: ["email","openid","https://www.googleapis.com/auth/cloudplatformprojects.readonly","https://www.googleapis.com/auth/firebase","https://www.googleapis.com/auth/cloud-platform"]
[debug] [2026-04-21T19:59:46.562Z] > authorizing via signed-in user (zagadyahia2002@gmail.com)
[debug] [2026-04-21T19:59:46.563Z] Checked if tokens are valid: true, expires at: 1776804314550
[debug] [2026-04-21T19:59:46.563Z] Checked if tokens are valid: true, expires at: 1776804314550
[debug] [2026-04-21T19:59:46.564Z] >>> [apiv2][query] GET https://firebase.googleapis.com/v1beta1/projects pageSize=1000
[debug] [2026-04-21T19:59:47.370Z] <<< [apiv2][status] GET https://firebase.googleapis.com/v1beta1/projects 200
[debug] [2026-04-21T20:24:13.198Z] ----------------------------------------------------------------------
[debug] [2026-04-21T20:24:13.199Z] Command:       /usr/local/bin/node /Users/unknownyahia/Documents/SDPII/SDPII/node_modules/.bin/firebase projects:list --json
[debug] [2026-04-21T20:24:13.200Z] CLI Version:   15.14.0
[debug] [2026-04-21T20:24:13.200Z] Platform:      darwin
[debug] [2026-04-21T20:24:13.200Z] Node Version:  v22.14.0
[debug] [2026-04-21T20:24:13.200Z] Time:          Tue Apr 21 2026 23:24:13 GMT+0300 (Arabian Standard Time)
[debug] [2026-04-21T20:24:13.200Z] ----------------------------------------------------------------------
[debug] 
[debug] [2026-04-21T20:24:13.291Z] > command requires scopes: ["email","openid","https://www.googleapis.com/auth/cloudplatformprojects.readonly","https://www.googleapis.com/auth/firebase","https://www.googleapis.com/auth/cloud-platform"]
[debug] [2026-04-21T20:24:13.292Z] > authorizing via signed-in user (zagadyahia2002@gmail.com)
[debug] [2026-04-21T20:24:13.293Z] Checked if tokens are valid: true, expires at: 1776804314550
[debug] [2026-04-21T20:24:13.293Z] Checked if tokens are valid: true, expires at: 1776804314550
[debug] [2026-04-21T20:24:13.294Z] >>> [apiv2][query] GET https://firebase.googleapis.com/v1beta1/projects pageSize=1000
[debug] [2026-04-21T20:24:14.022Z] <<< [apiv2][status] GET https://firebase.googleapis.com/v1beta1/projects 200
[debug] [2026-04-21T20:33:56.140Z] ----------------------------------------------------------------------
[debug] [2026-04-21T20:33:56.142Z] Command:       /usr/local/bin/node /Users/unknownyahia/Documents/SDPII/SDPII/node_modules/.bin/firebase projects:list --json
[debug] [2026-04-21T20:33:56.142Z] CLI Version:   15.14.0
[debug] [2026-04-21T20:33:56.142Z] Platform:      darwin
[debug] [2026-04-21T20:33:56.142Z] Node Version:  v22.14.0
[debug] [2026-04-21T20:33:56.142Z] Time:          Tue Apr 21 2026 23:33:56 GMT+0300 (Arabian Standard Time)
[debug] [2026-04-21T20:33:56.142Z] ----------------------------------------------------------------------
[debug] 
[debug] [2026-04-21T20:33:56.237Z] > command requires scopes: ["email","openid","https://www.googleapis.com/auth/cloudplatformprojects.readonly","https://www.googleapis.com/auth/firebase","https://www.googleapis.com/auth/cloud-platform"]
[debug] [2026-04-21T20:33:56.237Z] > authorizing via signed-in user (zagadyahia2002@gmail.com)
[debug] [2026-04-21T20:33:56.238Z] Checked if tokens are valid: false, expires at: 1776804314550
[debug] [2026-04-21T20:33:56.239Z] Checked if tokens are valid: false, expires at: 1776804314550
[debug] [2026-04-21T20:33:56.239Z] > refreshing access token with scopes: []
[debug] [2026-04-21T20:33:56.240Z] >>> [apiv2][query] POST https://www.googleapis.com/oauth2/v3/token [none]
[debug] [2026-04-21T20:33:56.240Z] >>> [apiv2][body] POST https://www.googleapis.com/oauth2/v3/token [omitted]
[debug] [2026-04-21T20:33:56.662Z] <<< [apiv2][status] POST https://www.googleapis.com/oauth2/v3/token 200
[debug] [2026-04-21T20:33:56.662Z] <<< [apiv2][body] POST https://www.googleapis.com/oauth2/v3/token [omitted]
[debug] [2026-04-21T20:33:56.677Z] >>> [apiv2][query] GET https://firebase.googleapis.com/v1beta1/projects pageSize=1000
[debug] [2026-04-21T20:33:57.380Z] <<< [apiv2][status] GET https://firebase.googleapis.com/v1beta1/projects 200
[debug] [2026-04-21T20:33:59.142Z] ----------------------------------------------------------------------
[debug] [2026-04-21T20:33:59.144Z] Command:       /usr/local/bin/node /Users/unknownyahia/Documents/SDPII/SDPII/node_modules/.bin/firebase projects:list --json
[debug] [2026-04-21T20:33:59.144Z] CLI Version:   15.14.0
[debug] [2026-04-21T20:33:59.144Z] Platform:      darwin
[debug] [2026-04-21T20:33:59.144Z] Node Version:  v22.14.0
[debug] [2026-04-21T20:33:59.144Z] Time:          Tue Apr 21 2026 23:33:59 GMT+0300 (Arabian Standard Time)
[debug] [2026-04-21T20:33:59.144Z] ----------------------------------------------------------------------
[debug] 
[debug] [2026-04-21T20:33:59.236Z] > command requires scopes: ["email","openid","https://www.googleapis.com/auth/cloudplatformprojects.readonly","https://www.googleapis.com/auth/firebase","https://www.googleapis.com/auth/cloud-platform"]
[debug] [2026-04-21T20:33:59.236Z] > authorizing via signed-in user (zagadyahia2002@gmail.com)
[debug] [2026-04-21T20:33:59.237Z] Checked if tokens are valid: true, expires at: 1776807235662
[debug] [2026-04-21T20:33:59.237Z] Checked if tokens are valid: true, expires at: 1776807235662
[debug] [2026-04-21T20:33:59.238Z] >>> [apiv2][query] GET https://firebase.googleapis.com/v1beta1/projects pageSize=1000
[debug] [2026-04-21T20:33:59.999Z] <<< [apiv2][status] GET https://firebase.googleapis.com/v1beta1/projects 200
[debug] [2026-04-21T20:34:01.701Z] ----------------------------------------------------------------------
[debug] [2026-04-21T20:34:01.702Z] Command:       /usr/local/bin/node /Users/unknownyahia/Documents/SDPII/SDPII/node_modules/.bin/firebase projects:list --json
[debug] [2026-04-21T20:34:01.703Z] CLI Version:   15.14.0
[debug] [2026-04-21T20:34:01.703Z] Platform:      darwin
[debug] [2026-04-21T20:34:01.703Z] Node Version:  v22.14.0
[debug] [2026-04-21T20:34:01.703Z] Time:          Tue Apr 21 2026 23:34:01 GMT+0300 (Arabian Standard Time)
[debug] [2026-04-21T20:34:01.703Z] ----------------------------------------------------------------------
[debug] 
[debug] [2026-04-21T20:34:01.793Z] > command requires scopes: ["email","openid","https://www.googleapis.com/auth/cloudplatformprojects.readonly","https://www.googleapis.com/auth/firebase","https://www.googleapis.com/auth/cloud-platform"]
[debug] [2026-04-21T20:34:01.793Z] > authorizing via signed-in user (zagadyahia2002@gmail.com)
[debug] [2026-04-21T20:34:01.794Z] Checked if tokens are valid: true, expires at: 1776807235662
[debug] [2026-04-21T20:34:01.794Z] Checked if tokens are valid: true, expires at: 1776807235662
[debug] [2026-04-21T20:34:01.795Z] >>> [apiv2][query] GET https://firebase.googleapis.com/v1beta1/projects pageSize=1000
[debug] [2026-04-21T20:34:02.660Z] <<< [apiv2][status] GET https://firebase.googleapis.com/v1beta1/projects 200
[debug] [2026-04-21T20:34:03.906Z] ----------------------------------------------------------------------
[debug] [2026-04-21T20:34:03.907Z] Command:       /usr/local/bin/node /Users/unknownyahia/Documents/SDPII/SDPII/node_modules/.bin/firebase projects:list --json
[debug] [2026-04-21T20:34:03.907Z] CLI Version:   15.14.0
[debug] [2026-04-21T20:34:03.908Z] Platform:      darwin
[debug] [2026-04-21T20:34:03.908Z] Node Version:  v22.14.0
[debug] [2026-04-21T20:34:03.908Z] Time:          Tue Apr 21 2026 23:34:03 GMT+0300 (Arabian Standard Time)
[debug] [2026-04-21T20:34:03.908Z] ----------------------------------------------------------------------
[debug] 
[debug] [2026-04-21T20:34:03.997Z] > command requires scopes: ["email","openid","https://www.googleapis.com/auth/cloudplatformprojects.readonly","https://www.googleapis.com/auth/firebase","https://www.googleapis.com/auth/cloud-platform"]
[debug] [2026-04-21T20:34:03.998Z] > authorizing via signed-in user (zagadyahia2002@gmail.com)
[debug] [2026-04-21T20:34:03.999Z] Checked if tokens are valid: true, expires at: 1776807235662
[debug] [2026-04-21T20:34:03.999Z] Checked if tokens are valid: true, expires at: 1776807235662
[debug] [2026-04-21T20:34:03.999Z] >>> [apiv2][query] GET https://firebase.googleapis.com/v1beta1/projects pageSize=1000
[debug] [2026-04-21T20:34:04.830Z] <<< [apiv2][status] GET https://firebase.googleapis.com/v1beta1/projects 200
[debug] [2026-04-21T20:34:05.667Z] ----------------------------------------------------------------------
[debug] [2026-04-21T20:34:05.669Z] Command:       /usr/local/bin/node /Users/unknownyahia/Documents/SDPII/SDPII/node_modules/.bin/firebase projects:list --json
[debug] [2026-04-21T20:34:05.669Z] CLI Version:   15.14.0
[debug] [2026-04-21T20:34:05.669Z] Platform:      darwin
[debug] [2026-04-21T20:34:05.669Z] Node Version:  v22.14.0
[debug] [2026-04-21T20:34:05.669Z] Time:          Tue Apr 21 2026 23:34:05 GMT+0300 (Arabian Standard Time)
[debug] [2026-04-21T20:34:05.669Z] ----------------------------------------------------------------------
[debug] 
[debug] [2026-04-21T20:34:05.760Z] > command requires scopes: ["email","openid","https://www.googleapis.com/auth/cloudplatformprojects.readonly","https://www.googleapis.com/auth/firebase","https://www.googleapis.com/auth/cloud-platform"]
[debug] [2026-04-21T20:34:05.760Z] > authorizing via signed-in user (zagadyahia2002@gmail.com)
[debug] [2026-04-21T20:34:05.761Z] Checked if tokens are valid: true, expires at: 1776807235662
[debug] [2026-04-21T20:34:05.761Z] Checked if tokens are valid: true, expires at: 1776807235662
[debug] [2026-04-21T20:34:05.762Z] >>> [apiv2][query] GET https://firebase.googleapis.com/v1beta1/projects pageSize=1000
[debug] [2026-04-21T20:34:06.480Z] <<< [apiv2][status] GET https://firebase.googleapis.com/v1beta1/projects 200
[debug] [2026-04-21T20:34:07.823Z] ----------------------------------------------------------------------
[debug] [2026-04-21T20:34:07.824Z] Command:       /usr/local/bin/node /Users/unknownyahia/Documents/SDPII/SDPII/node_modules/.bin/firebase projects:list --json
[debug] [2026-04-21T20:34:07.825Z] CLI Version:   15.14.0
[debug] [2026-04-21T20:34:07.825Z] Platform:      darwin
[debug] [2026-04-21T20:34:07.825Z] Node Version:  v22.14.0
[debug] [2026-04-21T20:34:07.825Z] Time:          Tue Apr 21 2026 23:34:07 GMT+0300 (Arabian Standard Time)
[debug] [2026-04-21T20:34:07.825Z] ----------------------------------------------------------------------
[debug] 
[debug] [2026-04-21T20:34:07.915Z] > command requires scopes: ["email","openid","https://www.googleapis.com/auth/cloudplatformprojects.readonly","https://www.googleapis.com/auth/firebase","https://www.googleapis.com/auth/cloud-platform"]
[debug] [2026-04-21T20:34:07.915Z] > authorizing via signed-in user (zagadyahia2002@gmail.com)
[debug] [2026-04-21T20:34:07.916Z] Checked if tokens are valid: true, expires at: 1776807235662
[debug] [2026-04-21T20:34:07.916Z] Checked if tokens are valid: true, expires at: 1776807235662
[debug] [2026-04-21T20:34:07.917Z] >>> [apiv2][query] GET https://firebase.googleapis.com/v1beta1/projects pageSize=1000
[debug] [2026-04-21T20:34:08.654Z] <<< [apiv2][status] GET https://firebase.googleapis.com/v1beta1/projects 200
[debug] [2026-04-21T20:34:09.899Z] ----------------------------------------------------------------------
[debug] [2026-04-21T20:34:09.900Z] Command:       /usr/local/bin/node /Users/unknownyahia/Documents/SDPII/SDPII/node_modules/.bin/firebase projects:list --json
[debug] [2026-04-21T20:34:09.901Z] CLI Version:   15.14.0
[debug] [2026-04-21T20:34:09.901Z] Platform:      darwin
[debug] [2026-04-21T20:34:09.901Z] Node Version:  v22.14.0
[debug] [2026-04-21T20:34:09.901Z] Time:          Tue Apr 21 2026 23:34:09 GMT+0300 (Arabian Standard Time)
[debug] [2026-04-21T20:34:09.901Z] ----------------------------------------------------------------------
[debug] 
[debug] [2026-04-21T20:34:09.990Z] > command requires scopes: ["email","openid","https://www.googleapis.com/auth/cloudplatformprojects.readonly","https://www.googleapis.com/auth/firebase","https://www.googleapis.com/auth/cloud-platform"]
[debug] [2026-04-21T20:34:09.991Z] > authorizing via signed-in user (zagadyahia2002@gmail.com)
[debug] [2026-04-21T20:34:09.992Z] Checked if tokens are valid: true, expires at: 1776807235662
[debug] [2026-04-21T20:34:09.992Z] Checked if tokens are valid: true, expires at: 1776807235662
[debug] [2026-04-21T20:34:09.993Z] >>> [apiv2][query] GET https://firebase.googleapis.com/v1beta1/projects pageSize=1000
[debug] [2026-04-21T20:34:10.701Z] <<< [apiv2][status] GET https://firebase.googleapis.com/v1beta1/projects 200
[debug] [2026-04-21T20:34:12.247Z] ----------------------------------------------------------------------
[debug] [2026-04-21T20:34:12.249Z] Command:       /usr/local/bin/node /Users/unknownyahia/Documents/SDPII/SDPII/node_modules/.bin/firebase projects:list --json
[debug] [2026-04-21T20:34:12.249Z] CLI Version:   15.14.0
[debug] [2026-04-21T20:34:12.249Z] Platform:      darwin
[debug] [2026-04-21T20:34:12.249Z] Node Version:  v22.14.0
[debug] [2026-04-21T20:34:12.250Z] Time:          Tue Apr 21 2026 23:34:12 GMT+0300 (Arabian Standard Time)
[debug] [2026-04-21T20:34:12.250Z] ----------------------------------------------------------------------
[debug] 
[debug] [2026-04-21T20:34:12.340Z] > command requires scopes: ["email","openid","https://www.googleapis.com/auth/cloudplatformprojects.readonly","https://www.googleapis.com/auth/firebase","https://www.googleapis.com/auth/cloud-platform"]
[debug] [2026-04-21T20:34:12.340Z] > authorizing via signed-in user (zagadyahia2002@gmail.com)
[debug] [2026-04-21T20:34:12.341Z] Checked if tokens are valid: true, expires at: 1776807235662
[debug] [2026-04-21T20:34:12.341Z] Checked if tokens are valid: true, expires at: 1776807235662
[debug] [2026-04-21T20:34:12.342Z] >>> [apiv2][query] GET https://firebase.googleapis.com/v1beta1/projects pageSize=1000
[debug] [2026-04-21T20:34:13.179Z] <<< [apiv2][status] GET https://firebase.googleapis.com/v1beta1/projects 200
[debug] [2026-04-21T20:34:14.292Z] ----------------------------------------------------------------------
[debug] [2026-04-21T20:34:14.293Z] Command:       /usr/local/bin/node /Users/unknownyahia/Documents/SDPII/SDPII/node_modules/.bin/firebase projects:list --json
[debug] [2026-04-21T20:34:14.293Z] CLI Version:   15.14.0
[debug] [2026-04-21T20:34:14.293Z] Platform:      darwin
[debug] [2026-04-21T20:34:14.294Z] Node Version:  v22.14.0
[debug] [2026-04-21T20:34:14.294Z] Time:          Tue Apr 21 2026 23:34:14 GMT+0300 (Arabian Standard Time)
[debug] [2026-04-21T20:34:14.294Z] ----------------------------------------------------------------------
[debug] 
[debug] [2026-04-21T20:34:14.403Z] > command requires scopes: ["email","openid","https://www.googleapis.com/auth/cloudplatformprojects.readonly","https://www.googleapis.com/auth/firebase","https://www.googleapis.com/auth/cloud-platform"]
[debug] [2026-04-21T20:34:14.403Z] > authorizing via signed-in user (zagadyahia2002@gmail.com)
[debug] [2026-04-21T20:34:14.405Z] Checked if tokens are valid: true, expires at: 1776807235662
[debug] [2026-04-21T20:34:14.405Z] Checked if tokens are valid: true, expires at: 1776807235662
[debug] [2026-04-21T20:34:14.406Z] >>> [apiv2][query] GET https://firebase.googleapis.com/v1beta1/projects pageSize=1000
[debug] [2026-04-21T20:34:15.228Z] <<< [apiv2][status] GET https://firebase.googleapis.com/v1beta1/projects 200
[debug] [2026-04-21T20:34:16.171Z] ----------------------------------------------------------------------
[debug] [2026-04-21T20:34:16.173Z] Command:       /usr/local/bin/node /Users/unknownyahia/Documents/SDPII/SDPII/node_modules/.bin/firebase projects:list --json
[debug] [2026-04-21T20:34:16.173Z] CLI Version:   15.14.0
[debug] [2026-04-21T20:34:16.173Z] Platform:      darwin
[debug] [2026-04-21T20:34:16.173Z] Node Version:  v22.14.0
[debug] [2026-04-21T20:34:16.173Z] Time:          Tue Apr 21 2026 23:34:16 GMT+0300 (Arabian Standard Time)
[debug] [2026-04-21T20:34:16.173Z] ----------------------------------------------------------------------
[debug] 
[debug] [2026-04-21T20:34:16.266Z] > command requires scopes: ["email","openid","https://www.googleapis.com/auth/cloudplatformprojects.readonly","https://www.googleapis.com/auth/firebase","https://www.googleapis.com/auth/cloud-platform"]
[debug] [2026-04-21T20:34:16.267Z] > authorizing via signed-in user (zagadyahia2002@gmail.com)
[debug] [2026-04-21T20:34:16.268Z] Checked if tokens are valid: true, expires at: 1776807235662
[debug] [2026-04-21T20:34:16.268Z] Checked if tokens are valid: true, expires at: 1776807235662
[debug] [2026-04-21T20:34:16.269Z] >>> [apiv2][query] GET https://firebase.googleapis.com/v1beta1/projects pageSize=1000
[debug] [2026-04-21T20:34:17.017Z] <<< [apiv2][status] GET https://firebase.googleapis.com/v1beta1/projects 200
[debug] [2026-04-21T20:34:18.274Z] ----------------------------------------------------------------------
[debug] [2026-04-21T20:34:18.275Z] Command:       /usr/local/bin/node /Users/unknownyahia/Documents/SDPII/SDPII/node_modules/.bin/firebase projects:list --json
[debug] [2026-04-21T20:34:18.275Z] CLI Version:   15.14.0
[debug] [2026-04-21T20:34:18.275Z] Platform:      darwin
[debug] [2026-04-21T20:34:18.276Z] Node Version:  v22.14.0
[debug] [2026-04-21T20:34:18.276Z] Time:          Tue Apr 21 2026 23:34:18 GMT+0300 (Arabian Standard Time)
[debug] [2026-04-21T20:34:18.276Z] ----------------------------------------------------------------------
[debug] 
[debug] [2026-04-21T20:34:18.368Z] > command requires scopes: ["email","openid","https://www.googleapis.com/auth/cloudplatformprojects.readonly","https://www.googleapis.com/auth/firebase","https://www.googleapis.com/auth/cloud-platform"]
[debug] [2026-04-21T20:34:18.368Z] > authorizing via signed-in user (zagadyahia2002@gmail.com)
[debug] [2026-04-21T20:34:18.370Z] Checked if tokens are valid: true, expires at: 1776807235662
[debug] [2026-04-21T20:34:18.370Z] Checked if tokens are valid: true, expires at: 1776807235662
[debug] [2026-04-21T20:34:18.370Z] >>> [apiv2][query] GET https://firebase.googleapis.com/v1beta1/projects pageSize=1000
[debug] [2026-04-21T20:34:19.154Z] <<< [apiv2][status] GET https://firebase.googleapis.com/v1beta1/projects 200
[debug] [2026-04-21T20:34:20.111Z] ----------------------------------------------------------------------
[debug] [2026-04-21T20:34:20.112Z] Command:       /usr/local/bin/node /Users/unknownyahia/Documents/SDPII/SDPII/node_modules/.bin/firebase projects:list --json
[debug] [2026-04-21T20:34:20.113Z] CLI Version:   15.14.0
[debug] [2026-04-21T20:34:20.113Z] Platform:      darwin
[debug] [2026-04-21T20:34:20.113Z] Node Version:  v22.14.0
[debug] [2026-04-21T20:34:20.113Z] Time:          Tue Apr 21 2026 23:34:20 GMT+0300 (Arabian Standard Time)
[debug] [2026-04-21T20:34:20.113Z] ----------------------------------------------------------------------
[debug] 
[debug] [2026-04-21T20:34:20.204Z] > command requires scopes: ["email","openid","https://www.googleapis.com/auth/cloudplatformprojects.readonly","https://www.googleapis.com/auth/firebase","https://www.googleapis.com/auth/cloud-platform"]
[debug] [2026-04-21T20:34:20.204Z] > authorizing via signed-in user (zagadyahia2002@gmail.com)
[debug] [2026-04-21T20:34:20.206Z] Checked if tokens are valid: true, expires at: 1776807235662
[debug] [2026-04-21T20:34:20.207Z] Checked if tokens are valid: true, expires at: 1776807235662
[debug] [2026-04-21T20:34:20.207Z] >>> [apiv2][query] GET https://firebase.googleapis.com/v1beta1/projects pageSize=1000
[debug] [2026-04-21T20:34:21.011Z] <<< [apiv2][status] GET https://firebase.googleapis.com/v1beta1/projects 200
[debug] [2026-04-21T20:34:21.939Z] ----------------------------------------------------------------------
[debug] [2026-04-21T20:34:21.940Z] Command:       /usr/local/bin/node /Users/unknownyahia/Documents/SDPII/SDPII/node_modules/.bin/firebase projects:list --json
[debug] [2026-04-21T20:34:21.940Z] CLI Version:   15.14.0
[debug] [2026-04-21T20:34:21.940Z] Platform:      darwin
[debug] [2026-04-21T20:34:21.941Z] Node Version:  v22.14.0
[debug] [2026-04-21T20:34:21.941Z] Time:          Tue Apr 21 2026 23:34:21 GMT+0300 (Arabian Standard Time)
[debug] [2026-04-21T20:34:21.941Z] ----------------------------------------------------------------------
[debug] 
[debug] [2026-04-21T20:34:22.031Z] > command requires scopes: ["email","openid","https://www.googleapis.com/auth/cloudplatformprojects.readonly","https://www.googleapis.com/auth/firebase","https://www.googleapis.com/auth/cloud-platform"]
[debug] [2026-04-21T20:34:22.031Z] > authorizing via signed-in user (zagadyahia2002@gmail.com)
[debug] [2026-04-21T20:34:22.033Z] Checked if tokens are valid: true, expires at: 1776807235662
[debug] [2026-04-21T20:34:22.033Z] Checked if tokens are valid: true, expires at: 1776807235662
[debug] [2026-04-21T20:34:22.033Z] >>> [apiv2][query] GET https://firebase.googleapis.com/v1beta1/projects pageSize=1000
[debug] [2026-04-21T20:34:22.771Z] <<< [apiv2][status] GET https://firebase.googleapis.com/v1beta1/projects 200
[debug] [2026-04-21T20:34:24.322Z] ----------------------------------------------------------------------
[debug] [2026-04-21T20:34:24.324Z] Command:       /usr/local/bin/node /Users/unknownyahia/Documents/SDPII/SDPII/node_modules/.bin/firebase projects:list --json
[debug] [2026-04-21T20:34:24.324Z] CLI Version:   15.14.0
[debug] [2026-04-21T20:34:24.324Z] Platform:      darwin
[debug] [2026-04-21T20:34:24.324Z] Node Version:  v22.14.0
[debug] [2026-04-21T20:34:24.324Z] Time:          Tue Apr 21 2026 23:34:24 GMT+0300 (Arabian Standard Time)
[debug] [2026-04-21T20:34:24.324Z] ----------------------------------------------------------------------
[debug] 
[debug] [2026-04-21T20:34:24.431Z] > command requires scopes: ["email","openid","https://www.googleapis.com/auth/cloudplatformprojects.readonly","https://www.googleapis.com/auth/firebase","https://www.googleapis.com/auth/cloud-platform"]
[debug] [2026-04-21T20:34:24.431Z] > authorizing via signed-in user (zagadyahia2002@gmail.com)
[debug] [2026-04-21T20:34:24.433Z] Checked if tokens are valid: true, expires at: 1776807235662
[debug] [2026-04-21T20:34:24.433Z] Checked if tokens are valid: true, expires at: 1776807235662
[debug] [2026-04-21T20:34:24.433Z] >>> [apiv2][query] GET https://firebase.googleapis.com/v1beta1/projects pageSize=1000
[debug] [2026-04-21T20:34:25.238Z] <<< [apiv2][status] GET https://firebase.googleapis.com/v1beta1/projects 200
[debug] [2026-04-21T20:34:25.986Z] ----------------------------------------------------------------------
[debug] [2026-04-21T20:34:25.988Z] Command:       /usr/local/bin/node /Users/unknownyahia/Documents/SDPII/SDPII/node_modules/.bin/firebase projects:list --json
[debug] [2026-04-21T20:34:25.988Z] CLI Version:   15.14.0
[debug] [2026-04-21T20:34:25.988Z] Platform:      darwin
[debug] [2026-04-21T20:34:25.988Z] Node Version:  v22.14.0
[debug] [2026-04-21T20:34:25.988Z] Time:          Tue Apr 21 2026 23:34:25 GMT+0300 (Arabian Standard Time)
[debug] [2026-04-21T20:34:25.988Z] ----------------------------------------------------------------------
[debug] 
[debug] [2026-04-21T20:34:26.078Z] > command requires scopes: ["email","openid","https://www.googleapis.com/auth/cloudplatformprojects.readonly","https://www.googleapis.com/auth/firebase","https://www.googleapis.com/auth/cloud-platform"]
[debug] [2026-04-21T20:34:26.078Z] > authorizing via signed-in user (zagadyahia2002@gmail.com)
[debug] [2026-04-21T20:34:26.080Z] Checked if tokens are valid: true, expires at: 1776807235662
[debug] [2026-04-21T20:34:26.080Z] Checked if tokens are valid: true, expires at: 1776807235662
[debug] [2026-04-21T20:34:26.080Z] >>> [apiv2][query] GET https://firebase.googleapis.com/v1beta1/projects pageSize=1000
[debug] [2026-04-21T20:34:26.991Z] <<< [apiv2][status] GET https://firebase.googleapis.com/v1beta1/projects 200
[debug] [2026-04-21T20:34:27.707Z] ----------------------------------------------------------------------
[debug] [2026-04-21T20:34:27.708Z] Command:       /usr/local/bin/node /Users/unknownyahia/Documents/SDPII/SDPII/node_modules/.bin/firebase projects:list --json
[debug] [2026-04-21T20:34:27.708Z] CLI Version:   15.14.0
[debug] [2026-04-21T20:34:27.708Z] Platform:      darwin
[debug] [2026-04-21T20:34:27.709Z] Node Version:  v22.14.0
[debug] [2026-04-21T20:34:27.709Z] Time:          Tue Apr 21 2026 23:34:27 GMT+0300 (Arabian Standard Time)
[debug] [2026-04-21T20:34:27.709Z] ----------------------------------------------------------------------
[debug] 
[debug] [2026-04-21T20:34:27.798Z] > command requires scopes: ["email","openid","https://www.googleapis.com/auth/cloudplatformprojects.readonly","https://www.googleapis.com/auth/firebase","https://www.googleapis.com/auth/cloud-platform"]
[debug] [2026-04-21T20:34:27.799Z] > authorizing via signed-in user (zagadyahia2002@gmail.com)
[debug] [2026-04-21T20:34:27.800Z] Checked if tokens are valid: true, expires at: 1776807235662
[debug] [2026-04-21T20:34:27.800Z] Checked if tokens are valid: true, expires at: 1776807235662
[debug] [2026-04-21T20:34:27.801Z] >>> [apiv2][query] GET https://firebase.googleapis.com/v1beta1/projects pageSize=1000
[debug] [2026-04-21T20:34:28.539Z] <<< [apiv2][status] GET https://firebase.googleapis.com/v1beta1/projects 200
[debug] [2026-04-21T20:34:29.681Z] ----------------------------------------------------------------------
[debug] [2026-04-21T20:34:29.683Z] Command:       /usr/local/bin/node /Users/unknownyahia/Documents/SDPII/SDPII/node_modules/.bin/firebase projects:list --json
[debug] [2026-04-21T20:34:29.683Z] CLI Version:   15.14.0
[debug] [2026-04-21T20:34:29.683Z] Platform:      darwin
[debug] [2026-04-21T20:34:29.683Z] Node Version:  v22.14.0
[debug] [2026-04-21T20:34:29.683Z] Time:          Tue Apr 21 2026 23:34:29 GMT+0300 (Arabian Standard Time)
[debug] [2026-04-21T20:34:29.683Z] ----------------------------------------------------------------------
[debug] 
[debug] [2026-04-21T20:34:29.773Z] > command requires scopes: ["email","openid","https://www.googleapis.com/auth/cloudplatformprojects.readonly","https://www.googleapis.com/auth/firebase","https://www.googleapis.com/auth/cloud-platform"]
[debug] [2026-04-21T20:34:29.773Z] > authorizing via signed-in user (zagadyahia2002@gmail.com)
[debug] [2026-04-21T20:34:29.775Z] Checked if tokens are valid: true, expires at: 1776807235662
[debug] [2026-04-21T20:34:29.775Z] Checked if tokens are valid: true, expires at: 1776807235662
[debug] [2026-04-21T20:34:29.775Z] >>> [apiv2][query] GET https://firebase.googleapis.com/v1beta1/projects pageSize=1000
[debug] [2026-04-21T20:34:30.597Z] <<< [apiv2][status] GET https://firebase.googleapis.com/v1beta1/projects 200
[debug] [2026-04-21T20:34:31.368Z] ----------------------------------------------------------------------
[debug] [2026-04-21T20:34:31.370Z] Command:       /usr/local/bin/node /Users/unknownyahia/Documents/SDPII/SDPII/node_modules/.bin/firebase projects:list --json
[debug] [2026-04-21T20:34:31.370Z] CLI Version:   15.14.0
[debug] [2026-04-21T20:34:31.370Z] Platform:      darwin
[debug] [2026-04-21T20:34:31.370Z] Node Version:  v22.14.0
[debug] [2026-04-21T20:34:31.370Z] Time:          Tue Apr 21 2026 23:34:31 GMT+0300 (Arabian Standard Time)
[debug] [2026-04-21T20:34:31.371Z] ----------------------------------------------------------------------
[debug] 
[debug] [2026-04-21T20:34:31.461Z] > command requires scopes: ["email","openid","https://www.googleapis.com/auth/cloudplatformprojects.readonly","https://www.googleapis.com/auth/firebase","https://www.googleapis.com/auth/cloud-platform"]
[debug] [2026-04-21T20:34:31.461Z] > authorizing via signed-in user (zagadyahia2002@gmail.com)
[debug] [2026-04-21T20:34:31.462Z] Checked if tokens are valid: true, expires at: 1776807235662
[debug] [2026-04-21T20:34:31.463Z] Checked if tokens are valid: true, expires at: 1776807235662
[debug] [2026-04-21T20:34:31.463Z] >>> [apiv2][query] GET https://firebase.googleapis.com/v1beta1/projects pageSize=1000
[debug] [2026-04-21T20:34:32.546Z] <<< [apiv2][status] GET https://firebase.googleapis.com/v1beta1/projects 200
[debug] [2026-04-21T20:34:33.745Z] ----------------------------------------------------------------------
[debug] [2026-04-21T20:34:33.747Z] Command:       /usr/local/bin/node /Users/unknownyahia/Documents/SDPII/SDPII/node_modules/.bin/firebase projects:list --json
[debug] [2026-04-21T20:34:33.747Z] CLI Version:   15.14.0
[debug] [2026-04-21T20:34:33.747Z] Platform:      darwin
[debug] [2026-04-21T20:34:33.747Z] Node Version:  v22.14.0
[debug] [2026-04-21T20:34:33.748Z] Time:          Tue Apr 21 2026 23:34:33 GMT+0300 (Arabian Standard Time)
[debug] [2026-04-21T20:34:33.748Z] ----------------------------------------------------------------------
[debug] 
[debug] [2026-04-21T20:34:33.843Z] > command requires scopes: ["email","openid","https://www.googleapis.com/auth/cloudplatformprojects.readonly","https://www.googleapis.com/auth/firebase","https://www.googleapis.com/auth/cloud-platform"]
[debug] [2026-04-21T20:34:33.843Z] > authorizing via signed-in user (zagadyahia2002@gmail.com)
[debug] [2026-04-21T20:34:33.844Z] Checked if tokens are valid: true, expires at: 1776807235662
[debug] [2026-04-21T20:34:33.844Z] Checked if tokens are valid: true, expires at: 1776807235662
[debug] [2026-04-21T20:34:33.845Z] >>> [apiv2][query] GET https://firebase.googleapis.com/v1beta1/projects pageSize=1000
[debug] [2026-04-21T20:34:34.617Z] <<< [apiv2][status] GET https://firebase.googleapis.com/v1beta1/projects 200
[debug] [2026-04-21T20:34:35.465Z] ----------------------------------------------------------------------
[debug] [2026-04-21T20:34:35.467Z] Command:       /usr/local/bin/node /Users/unknownyahia/Documents/SDPII/SDPII/node_modules/.bin/firebase projects:list --json
[debug] [2026-04-21T20:34:35.467Z] CLI Version:   15.14.0
[debug] [2026-04-21T20:34:35.467Z] Platform:      darwin
[debug] [2026-04-21T20:34:35.467Z] Node Version:  v22.14.0
[debug] [2026-04-21T20:34:35.468Z] Time:          Tue Apr 21 2026 23:34:35 GMT+0300 (Arabian Standard Time)
[debug] [2026-04-21T20:34:35.468Z] ----------------------------------------------------------------------
[debug] 
[debug] [2026-04-21T20:34:35.561Z] > command requires scopes: ["email","openid","https://www.googleapis.com/auth/cloudplatformprojects.readonly","https://www.googleapis.com/auth/firebase","https://www.googleapis.com/auth/cloud-platform"]
[debug] [2026-04-21T20:34:35.561Z] > authorizing via signed-in user (zagadyahia2002@gmail.com)
[debug] [2026-04-21T20:34:35.562Z] Checked if tokens are valid: true, expires at: 1776807235662
[debug] [2026-04-21T20:34:35.562Z] Checked if tokens are valid: true, expires at: 1776807235662
[debug] [2026-04-21T20:34:35.563Z] >>> [apiv2][query] GET https://firebase.googleapis.com/v1beta1/projects pageSize=1000
[debug] [2026-04-21T20:34:36.306Z] <<< [apiv2][status] GET https://firebase.googleapis.com/v1beta1/projects 200
[debug] [2026-04-21T20:34:37.936Z] ----------------------------------------------------------------------
[debug] [2026-04-21T20:34:37.937Z] Command:       /usr/local/bin/node /Users/unknownyahia/Documents/SDPII/SDPII/node_modules/.bin/firebase projects:list --json
[debug] [2026-04-21T20:34:37.938Z] CLI Version:   15.14.0
[debug] [2026-04-21T20:34:37.938Z] Platform:      darwin
[debug] [2026-04-21T20:34:37.938Z] Node Version:  v22.14.0
[debug] [2026-04-21T20:34:37.938Z] Time:          Tue Apr 21 2026 23:34:37 GMT+0300 (Arabian Standard Time)
[debug] [2026-04-21T20:34:37.938Z] ----------------------------------------------------------------------
[debug] 
[debug] [2026-04-21T20:34:38.068Z] > command requires scopes: ["email","openid","https://www.googleapis.com/auth/cloudplatformprojects.readonly","https://www.googleapis.com/auth/firebase","https://www.googleapis.com/auth/cloud-platform"]
[debug] [2026-04-21T20:34:38.069Z] > authorizing via signed-in user (zagadyahia2002@gmail.com)
[debug] [2026-04-21T20:34:38.071Z] Checked if tokens are valid: true, expires at: 1776807235662
[debug] [2026-04-21T20:34:38.071Z] Checked if tokens are valid: true, expires at: 1776807235662
[debug] [2026-04-21T20:34:38.071Z] >>> [apiv2][query] GET https://firebase.googleapis.com/v1beta1/projects pageSize=1000
[debug] [2026-04-21T20:34:38.797Z] <<< [apiv2][status] GET https://firebase.googleapis.com/v1beta1/projects 200
[debug] [2026-04-21T20:34:39.612Z] ----------------------------------------------------------------------
[debug] [2026-04-21T20:34:39.614Z] Command:       /usr/local/bin/node /Users/unknownyahia/Documents/SDPII/SDPII/node_modules/.bin/firebase projects:list --json
[debug] [2026-04-21T20:34:39.614Z] CLI Version:   15.14.0
[debug] [2026-04-21T20:34:39.614Z] Platform:      darwin
[debug] [2026-04-21T20:34:39.614Z] Node Version:  v22.14.0
[debug] [2026-04-21T20:34:39.614Z] Time:          Tue Apr 21 2026 23:34:39 GMT+0300 (Arabian Standard Time)
[debug] [2026-04-21T20:34:39.614Z] ----------------------------------------------------------------------
[debug] 
[debug] [2026-04-21T20:34:39.710Z] > command requires scopes: ["email","openid","https://www.googleapis.com/auth/cloudplatformprojects.readonly","https://www.googleapis.com/auth/firebase","https://www.googleapis.com/auth/cloud-platform"]
[debug] [2026-04-21T20:34:39.711Z] > authorizing via signed-in user (zagadyahia2002@gmail.com)
[debug] [2026-04-21T20:34:39.712Z] Checked if tokens are valid: true, expires at: 1776807235662
[debug] [2026-04-21T20:34:39.712Z] Checked if tokens are valid: true, expires at: 1776807235662
[debug] [2026-04-21T20:34:39.713Z] >>> [apiv2][query] GET https://firebase.googleapis.com/v1beta1/projects pageSize=1000
[debug] [2026-04-21T20:34:40.595Z] <<< [apiv2][status] GET https://firebase.googleapis.com/v1beta1/projects 200
[debug] [2026-04-21T20:34:41.471Z] ----------------------------------------------------------------------
[debug] [2026-04-21T20:34:41.473Z] Command:       /usr/local/bin/node /Users/unknownyahia/Documents/SDPII/SDPII/node_modules/.bin/firebase projects:list --json
[debug] [2026-04-21T20:34:41.473Z] CLI Version:   15.14.0
[debug] [2026-04-21T20:34:41.473Z] Platform:      darwin
[debug] [2026-04-21T20:34:41.473Z] Node Version:  v22.14.0
[debug] [2026-04-21T20:34:41.474Z] Time:          Tue Apr 21 2026 23:34:41 GMT+0300 (Arabian Standard Time)
[debug] [2026-04-21T20:34:41.474Z] ----------------------------------------------------------------------
[debug] 
[debug] [2026-04-21T20:34:41.565Z] > command requires scopes: ["email","openid","https://www.googleapis.com/auth/cloudplatformprojects.readonly","https://www.googleapis.com/auth/firebase","https://www.googleapis.com/auth/cloud-platform"]
[debug] [2026-04-21T20:34:41.565Z] > authorizing via signed-in user (zagadyahia2002@gmail.com)
[debug] [2026-04-21T20:34:41.567Z] Checked if tokens are valid: true, expires at: 1776807235662
[debug] [2026-04-21T20:34:41.567Z] Checked if tokens are valid: true, expires at: 1776807235662
[debug] [2026-04-21T20:34:41.567Z] >>> [apiv2][query] GET https://firebase.googleapis.com/v1beta1/projects pageSize=1000
[debug] [2026-04-21T20:34:42.346Z] <<< [apiv2][status] GET https://firebase.googleapis.com/v1beta1/projects 200
[debug] [2026-04-21T20:34:43.981Z] ----------------------------------------------------------------------
[debug] [2026-04-21T20:34:43.982Z] Command:       /usr/local/bin/node /Users/unknownyahia/Documents/SDPII/SDPII/node_modules/.bin/firebase projects:list --json
[debug] [2026-04-21T20:34:43.983Z] CLI Version:   15.14.0
[debug] [2026-04-21T20:34:43.983Z] Platform:      darwin
[debug] [2026-04-21T20:34:43.983Z] Node Version:  v22.14.0
[debug] [2026-04-21T20:34:43.983Z] Time:          Tue Apr 21 2026 23:34:43 GMT+0300 (Arabian Standard Time)
[debug] [2026-04-21T20:34:43.983Z] ----------------------------------------------------------------------
[debug] 
[debug] [2026-04-21T20:34:44.087Z] > command requires scopes: ["email","openid","https://www.googleapis.com/auth/cloudplatformprojects.readonly","https://www.googleapis.com/auth/firebase","https://www.googleapis.com/auth/cloud-platform"]
[debug] [2026-04-21T20:34:44.088Z] > authorizing via signed-in user (zagadyahia2002@gmail.com)
[debug] [2026-04-21T20:34:44.090Z] Checked if tokens are valid: true, expires at: 1776807235662
[debug] [2026-04-21T20:34:44.090Z] Checked if tokens are valid: true, expires at: 1776807235662
[debug] [2026-04-21T20:34:44.090Z] >>> [apiv2][query] GET https://firebase.googleapis.com/v1beta1/projects pageSize=1000
[debug] [2026-04-21T20:34:44.805Z] <<< [apiv2][status] GET https://firebase.googleapis.com/v1beta1/projects 200
[debug] [2026-04-21T20:34:46.369Z] ----------------------------------------------------------------------
[debug] [2026-04-21T20:34:46.370Z] Command:       /usr/local/bin/node /Users/unknownyahia/Documents/SDPII/SDPII/node_modules/.bin/firebase projects:list --json
[debug] [2026-04-21T20:34:46.370Z] CLI Version:   15.14.0
[debug] [2026-04-21T20:34:46.370Z] Platform:      darwin
[debug] [2026-04-21T20:34:46.370Z] Node Version:  v22.14.0
[debug] [2026-04-21T20:34:46.371Z] Time:          Tue Apr 21 2026 23:34:46 GMT+0300 (Arabian Standard Time)
[debug] [2026-04-21T20:34:46.371Z] ----------------------------------------------------------------------
[debug] 
[debug] [2026-04-21T20:34:46.463Z] > command requires scopes: ["email","openid","https://www.googleapis.com/auth/cloudplatformprojects.readonly","https://www.googleapis.com/auth/firebase","https://www.googleapis.com/auth/cloud-platform"]
[debug] [2026-04-21T20:34:46.464Z] > authorizing via signed-in user (zagadyahia2002@gmail.com)
[debug] [2026-04-21T20:34:46.465Z] Checked if tokens are valid: true, expires at: 1776807235662
[debug] [2026-04-21T20:34:46.465Z] Checked if tokens are valid: true, expires at: 1776807235662
[debug] [2026-04-21T20:34:46.466Z] >>> [apiv2][query] GET https://firebase.googleapis.com/v1beta1/projects pageSize=1000
[debug] [2026-04-21T20:34:47.200Z] <<< [apiv2][status] GET https://firebase.googleapis.com/v1beta1/projects 200
[debug] [2026-04-21T20:34:48.050Z] ----------------------------------------------------------------------
[debug] [2026-04-21T20:34:48.052Z] Command:       /usr/local/bin/node /Users/unknownyahia/Documents/SDPII/SDPII/node_modules/.bin/firebase projects:list --json
[debug] [2026-04-21T20:34:48.052Z] CLI Version:   15.14.0
[debug] [2026-04-21T20:34:48.052Z] Platform:      darwin
[debug] [2026-04-21T20:34:48.052Z] Node Version:  v22.14.0
[debug] [2026-04-21T20:34:48.053Z] Time:          Tue Apr 21 2026 23:34:48 GMT+0300 (Arabian Standard Time)
[debug] [2026-04-21T20:34:48.053Z] ----------------------------------------------------------------------
[debug] 
[debug] [2026-04-21T20:34:48.151Z] > command requires scopes: ["email","openid","https://www.googleapis.com/auth/cloudplatformprojects.readonly","https://www.googleapis.com/auth/firebase","https://www.googleapis.com/auth/cloud-platform"]
[debug] [2026-04-21T20:34:48.152Z] > authorizing via signed-in user (zagadyahia2002@gmail.com)
[debug] [2026-04-21T20:34:48.153Z] Checked if tokens are valid: true, expires at: 1776807235662
[debug] [2026-04-21T20:34:48.153Z] Checked if tokens are valid: true, expires at: 1776807235662
[debug] [2026-04-21T20:34:48.154Z] >>> [apiv2][query] GET https://firebase.googleapis.com/v1beta1/projects pageSize=1000
[debug] [2026-04-21T20:34:48.947Z] <<< [apiv2][status] GET https://firebase.googleapis.com/v1beta1/projects 200
[debug] [2026-04-21T20:34:49.821Z] ----------------------------------------------------------------------
[debug] [2026-04-21T20:34:49.823Z] Command:       /usr/local/bin/node /Users/unknownyahia/Documents/SDPII/SDPII/node_modules/.bin/firebase projects:list --json
[debug] [2026-04-21T20:34:49.823Z] CLI Version:   15.14.0
[debug] [2026-04-21T20:34:49.823Z] Platform:      darwin
[debug] [2026-04-21T20:34:49.823Z] Node Version:  v22.14.0
[debug] [2026-04-21T20:34:49.824Z] Time:          Tue Apr 21 2026 23:34:49 GMT+0300 (Arabian Standard Time)
[debug] [2026-04-21T20:34:49.824Z] ----------------------------------------------------------------------
[debug] 
[debug] [2026-04-21T20:34:49.934Z] > command requires scopes: ["email","openid","https://www.googleapis.com/auth/cloudplatformprojects.readonly","https://www.googleapis.com/auth/firebase","https://www.googleapis.com/auth/cloud-platform"]
[debug] [2026-04-21T20:34:49.935Z] > authorizing via signed-in user (zagadyahia2002@gmail.com)
[debug] [2026-04-21T20:34:49.937Z] Checked if tokens are valid: true, expires at: 1776807235662
[debug] [2026-04-21T20:34:49.937Z] Checked if tokens are valid: true, expires at: 1776807235662
[debug] [2026-04-21T20:34:49.937Z] >>> [apiv2][query] GET https://firebase.googleapis.com/v1beta1/projects pageSize=1000
[debug] [2026-04-21T20:34:50.680Z] <<< [apiv2][status] GET https://firebase.googleapis.com/v1beta1/projects 200
[debug] [2026-04-21T20:34:52.126Z] ----------------------------------------------------------------------
[debug] [2026-04-21T20:34:52.127Z] Command:       /usr/local/bin/node /Users/unknownyahia/Documents/SDPII/SDPII/node_modules/.bin/firebase projects:list --json
[debug] [2026-04-21T20:34:52.128Z] CLI Version:   15.14.0
[debug] [2026-04-21T20:34:52.128Z] Platform:      darwin
[debug] [2026-04-21T20:34:52.128Z] Node Version:  v22.14.0
[debug] [2026-04-21T20:34:52.128Z] Time:          Tue Apr 21 2026 23:34:52 GMT+0300 (Arabian Standard Time)
[debug] [2026-04-21T20:34:52.128Z] ----------------------------------------------------------------------
[debug] 
[debug] [2026-04-21T20:34:52.242Z] > command requires scopes: ["email","openid","https://www.googleapis.com/auth/cloudplatformprojects.readonly","https://www.googleapis.com/auth/firebase","https://www.googleapis.com/auth/cloud-platform"]
[debug] [2026-04-21T20:34:52.242Z] > authorizing via signed-in user (zagadyahia2002@gmail.com)
[debug] [2026-04-21T20:34:52.244Z] Checked if tokens are valid: true, expires at: 1776807235662
[debug] [2026-04-21T20:34:52.244Z] Checked if tokens are valid: true, expires at: 1776807235662
[debug] [2026-04-21T20:34:52.244Z] >>> [apiv2][query] GET https://firebase.googleapis.com/v1beta1/projects pageSize=1000
[debug] [2026-04-21T20:34:52.975Z] <<< [apiv2][status] GET https://firebase.googleapis.com/v1beta1/projects 200
[debug] [2026-04-21T20:34:53.910Z] ----------------------------------------------------------------------
[debug] [2026-04-21T20:34:53.911Z] Command:       /usr/local/bin/node /Users/unknownyahia/Documents/SDPII/SDPII/node_modules/.bin/firebase projects:list --json
[debug] [2026-04-21T20:34:53.911Z] CLI Version:   15.14.0
[debug] [2026-04-21T20:34:53.912Z] Platform:      darwin
[debug] [2026-04-21T20:34:53.912Z] Node Version:  v22.14.0
[debug] [2026-04-21T20:34:53.912Z] Time:          Tue Apr 21 2026 23:34:53 GMT+0300 (Arabian Standard Time)
[debug] [2026-04-21T20:34:53.912Z] ----------------------------------------------------------------------
[debug] 
[debug] [2026-04-21T20:34:54.030Z] > command requires scopes: ["email","openid","https://www.googleapis.com/auth/cloudplatformprojects.readonly","https://www.googleapis.com/auth/firebase","https://www.googleapis.com/auth/cloud-platform"]
[debug] [2026-04-21T20:34:54.030Z] > authorizing via signed-in user (zagadyahia2002@gmail.com)
[debug] [2026-04-21T20:34:54.032Z] Checked if tokens are valid: true, expires at: 1776807235662
[debug] [2026-04-21T20:34:54.032Z] Checked if tokens are valid: true, expires at: 1776807235662
[debug] [2026-04-21T20:34:54.032Z] >>> [apiv2][query] GET https://firebase.googleapis.com/v1beta1/projects pageSize=1000
[debug] [2026-04-21T20:34:54.754Z] <<< [apiv2][status] GET https://firebase.googleapis.com/v1beta1/projects 200
[debug] [2026-04-21T20:34:55.501Z] ----------------------------------------------------------------------
[debug] [2026-04-21T20:34:55.503Z] Command:       /usr/local/bin/node /Users/unknownyahia/Documents/SDPII/SDPII/node_modules/.bin/firebase projects:list --json
[debug] [2026-04-21T20:34:55.503Z] CLI Version:   15.14.0
[debug] [2026-04-21T20:34:55.503Z] Platform:      darwin
[debug] [2026-04-21T20:34:55.503Z] Node Version:  v22.14.0
[debug] [2026-04-21T20:34:55.504Z] Time:          Tue Apr 21 2026 23:34:55 GMT+0300 (Arabian Standard Time)
[debug] [2026-04-21T20:34:55.504Z] ----------------------------------------------------------------------
[debug] 
[debug] [2026-04-21T20:34:55.598Z] > command requires scopes: ["email","openid","https://www.googleapis.com/auth/cloudplatformprojects.readonly","https://www.googleapis.com/auth/firebase","https://www.googleapis.com/auth/cloud-platform"]
[debug] [2026-04-21T20:34:55.598Z] > authorizing via signed-in user (zagadyahia2002@gmail.com)
[debug] [2026-04-21T20:34:55.600Z] Checked if tokens are valid: true, expires at: 1776807235662
[debug] [2026-04-21T20:34:55.600Z] Checked if tokens are valid: true, expires at: 1776807235662
[debug] [2026-04-21T20:34:55.600Z] >>> [apiv2][query] GET https://firebase.googleapis.com/v1beta1/projects pageSize=1000
[debug] [2026-04-21T20:34:56.288Z] <<< [apiv2][status] GET https://firebase.googleapis.com/v1beta1/projects 200
[debug] [2026-04-21T20:34:57.138Z] ----------------------------------------------------------------------
[debug] [2026-04-21T20:34:57.139Z] Command:       /usr/local/bin/node /Users/unknownyahia/Documents/SDPII/SDPII/node_modules/.bin/firebase projects:list --json
[debug] [2026-04-21T20:34:57.140Z] CLI Version:   15.14.0
[debug] [2026-04-21T20:34:57.140Z] Platform:      darwin
[debug] [2026-04-21T20:34:57.140Z] Node Version:  v22.14.0
[debug] [2026-04-21T20:34:57.140Z] Time:          Tue Apr 21 2026 23:34:57 GMT+0300 (Arabian Standard Time)
[debug] [2026-04-21T20:34:57.140Z] ----------------------------------------------------------------------
[debug] 
[debug] [2026-04-21T20:34:57.233Z] > command requires scopes: ["email","openid","https://www.googleapis.com/auth/cloudplatformprojects.readonly","https://www.googleapis.com/auth/firebase","https://www.googleapis.com/auth/cloud-platform"]
[debug] [2026-04-21T20:34:57.233Z] > authorizing via signed-in user (zagadyahia2002@gmail.com)
[debug] [2026-04-21T20:34:57.234Z] Checked if tokens are valid: true, expires at: 1776807235662
[debug] [2026-04-21T20:34:57.235Z] Checked if tokens are valid: true, expires at: 1776807235662
[debug] [2026-04-21T20:34:57.235Z] >>> [apiv2][query] GET https://firebase.googleapis.com/v1beta1/projects pageSize=1000
[debug] [2026-04-21T20:34:57.960Z] <<< [apiv2][status] GET https://firebase.googleapis.com/v1beta1/projects 200
[debug] [2026-04-21T20:34:58.988Z] ----------------------------------------------------------------------
[debug] [2026-04-21T20:34:58.989Z] Command:       /usr/local/bin/node /Users/unknownyahia/Documents/SDPII/SDPII/node_modules/.bin/firebase projects:list --json
[debug] [2026-04-21T20:34:58.989Z] CLI Version:   15.14.0
[debug] [2026-04-21T20:34:58.989Z] Platform:      darwin
[debug] [2026-04-21T20:34:58.989Z] Node Version:  v22.14.0
[debug] [2026-04-21T20:34:58.990Z] Time:          Tue Apr 21 2026 23:34:58 GMT+0300 (Arabian Standard Time)
[debug] [2026-04-21T20:34:58.990Z] ----------------------------------------------------------------------
[debug] 
[debug] [2026-04-21T20:34:59.084Z] > command requires scopes: ["email","openid","https://www.googleapis.com/auth/cloudplatformprojects.readonly","https://www.googleapis.com/auth/firebase","https://www.googleapis.com/auth/cloud-platform"]
[debug] [2026-04-21T20:34:59.084Z] > authorizing via signed-in user (zagadyahia2002@gmail.com)
[debug] [2026-04-21T20:34:59.086Z] Checked if tokens are valid: true, expires at: 1776807235662
[debug] [2026-04-21T20:34:59.086Z] Checked if tokens are valid: true, expires at: 1776807235662
[debug] [2026-04-21T20:34:59.086Z] >>> [apiv2][query] GET https://firebase.googleapis.com/v1beta1/projects pageSize=1000
[debug] [2026-04-21T20:34:59.973Z] <<< [apiv2][status] GET https://firebase.googleapis.com/v1beta1/projects 200
[debug] [2026-04-21T20:35:01.543Z] ----------------------------------------------------------------------
[debug] [2026-04-21T20:35:01.544Z] Command:       /usr/local/bin/node /Users/unknownyahia/Documents/SDPII/SDPII/node_modules/.bin/firebase projects:list --json
[debug] [2026-04-21T20:35:01.544Z] CLI Version:   15.14.0
[debug] [2026-04-21T20:35:01.545Z] Platform:      darwin
[debug] [2026-04-21T20:35:01.545Z] Node Version:  v22.14.0
[debug] [2026-04-21T20:35:01.545Z] Time:          Tue Apr 21 2026 23:35:01 GMT+0300 (Arabian Standard Time)
[debug] [2026-04-21T20:35:01.545Z] ----------------------------------------------------------------------
[debug] 
[debug] [2026-04-21T20:35:01.642Z] > command requires scopes: ["email","openid","https://www.googleapis.com/auth/cloudplatformprojects.readonly","https://www.googleapis.com/auth/firebase","https://www.googleapis.com/auth/cloud-platform"]
[debug] [2026-04-21T20:35:01.642Z] > authorizing via signed-in user (zagadyahia2002@gmail.com)
[debug] [2026-04-21T20:35:01.643Z] Checked if tokens are valid: true, expires at: 1776807235662
[debug] [2026-04-21T20:35:01.643Z] Checked if tokens are valid: true, expires at: 1776807235662
[debug] [2026-04-21T20:35:01.644Z] >>> [apiv2][query] GET https://firebase.googleapis.com/v1beta1/projects pageSize=1000
[debug] [2026-04-21T20:35:02.395Z] <<< [apiv2][status] GET https://firebase.googleapis.com/v1beta1/projects 200
[debug] [2026-04-21T20:35:03.801Z] ----------------------------------------------------------------------
[debug] [2026-04-21T20:35:03.802Z] Command:       /usr/local/bin/node /Users/unknownyahia/Documents/SDPII/SDPII/node_modules/.bin/firebase projects:list --json
[debug] [2026-04-21T20:35:03.803Z] CLI Version:   15.14.0
[debug] [2026-04-21T20:35:03.803Z] Platform:      darwin
[debug] [2026-04-21T20:35:03.803Z] Node Version:  v22.14.0
[debug] [2026-04-21T20:35:03.803Z] Time:          Tue Apr 21 2026 23:35:03 GMT+0300 (Arabian Standard Time)
[debug] [2026-04-21T20:35:03.803Z] ----------------------------------------------------------------------
[debug] 
[debug] [2026-04-21T20:35:03.896Z] > command requires scopes: ["email","openid","https://www.googleapis.com/auth/cloudplatformprojects.readonly","https://www.googleapis.com/auth/firebase","https://www.googleapis.com/auth/cloud-platform"]
[debug] [2026-04-21T20:35:03.896Z] > authorizing via signed-in user (zagadyahia2002@gmail.com)
[debug] [2026-04-21T20:35:03.897Z] Checked if tokens are valid: true, expires at: 1776807235662
[debug] [2026-04-21T20:35:03.897Z] Checked if tokens are valid: true, expires at: 1776807235662
[debug] [2026-04-21T20:35:03.898Z] >>> [apiv2][query] GET https://firebase.googleapis.com/v1beta1/projects pageSize=1000
[debug] [2026-04-21T20:35:04.711Z] <<< [apiv2][status] GET https://firebase.googleapis.com/v1beta1/projects 200
[debug] [2026-04-21T20:35:05.788Z] ----------------------------------------------------------------------
[debug] [2026-04-21T20:35:05.789Z] Command:       /usr/local/bin/node /Users/unknownyahia/Documents/SDPII/SDPII/node_modules/.bin/firebase projects:list --json
[debug] [2026-04-21T20:35:05.790Z] CLI Version:   15.14.0
[debug] [2026-04-21T20:35:05.790Z] Platform:      darwin
[debug] [2026-04-21T20:35:05.790Z] Node Version:  v22.14.0
[debug] [2026-04-21T20:35:05.790Z] Time:          Tue Apr 21 2026 23:35:05 GMT+0300 (Arabian Standard Time)
[debug] [2026-04-21T20:35:05.790Z] ----------------------------------------------------------------------
[debug] 
[debug] [2026-04-21T20:35:05.880Z] > command requires scopes: ["email","openid","https://www.googleapis.com/auth/cloudplatformprojects.readonly","https://www.googleapis.com/auth/firebase","https://www.googleapis.com/auth/cloud-platform"]
[debug] [2026-04-21T20:35:05.881Z] > authorizing via signed-in user (zagadyahia2002@gmail.com)
[debug] [2026-04-21T20:35:05.882Z] Checked if tokens are valid: true, expires at: 1776807235662
[debug] [2026-04-21T20:35:05.882Z] Checked if tokens are valid: true, expires at: 1776807235662
[debug] [2026-04-21T20:35:05.883Z] >>> [apiv2][query] GET https://firebase.googleapis.com/v1beta1/projects pageSize=1000
[debug] [2026-04-21T20:35:06.677Z] <<< [apiv2][status] GET https://firebase.googleapis.com/v1beta1/projects 200
[debug] [2026-04-21T20:35:08.052Z] ----------------------------------------------------------------------
[debug] [2026-04-21T20:35:08.054Z] Command:       /usr/local/bin/node /Users/unknownyahia/Documents/SDPII/SDPII/node_modules/.bin/firebase projects:list --json
[debug] [2026-04-21T20:35:08.054Z] CLI Version:   15.14.0
[debug] [2026-04-21T20:35:08.054Z] Platform:      darwin
[debug] [2026-04-21T20:35:08.054Z] Node Version:  v22.14.0
[debug] [2026-04-21T20:35:08.054Z] Time:          Tue Apr 21 2026 23:35:08 GMT+0300 (Arabian Standard Time)
[debug] [2026-04-21T20:35:08.054Z] ----------------------------------------------------------------------
[debug] 
[debug] [2026-04-21T20:35:08.145Z] > command requires scopes: ["email","openid","https://www.googleapis.com/auth/cloudplatformprojects.readonly","https://www.googleapis.com/auth/firebase","https://www.googleapis.com/auth/cloud-platform"]
[debug] [2026-04-21T20:35:08.145Z] > authorizing via signed-in user (zagadyahia2002@gmail.com)
[debug] [2026-04-21T20:35:08.147Z] Checked if tokens are valid: true, expires at: 1776807235662
[debug] [2026-04-21T20:35:08.147Z] Checked if tokens are valid: true, expires at: 1776807235662
[debug] [2026-04-21T20:35:08.147Z] >>> [apiv2][query] GET https://firebase.googleapis.com/v1beta1/projects pageSize=1000
[debug] [2026-04-21T20:35:08.945Z] <<< [apiv2][status] GET https://firebase.googleapis.com/v1beta1/projects 200
[debug] [2026-04-21T20:35:09.871Z] ----------------------------------------------------------------------
[debug] [2026-04-21T20:35:09.873Z] Command:       /usr/local/bin/node /Users/unknownyahia/Documents/SDPII/SDPII/node_modules/.bin/firebase projects:list --json
[debug] [2026-04-21T20:35:09.873Z] CLI Version:   15.14.0
[debug] [2026-04-21T20:35:09.873Z] Platform:      darwin
[debug] [2026-04-21T20:35:09.873Z] Node Version:  v22.14.0
[debug] [2026-04-21T20:35:09.873Z] Time:          Tue Apr 21 2026 23:35:09 GMT+0300 (Arabian Standard Time)
[debug] [2026-04-21T20:35:09.873Z] ----------------------------------------------------------------------
[debug] 
[debug] [2026-04-21T20:35:09.965Z] > command requires scopes: ["email","openid","https://www.googleapis.com/auth/cloudplatformprojects.readonly","https://www.googleapis.com/auth/firebase","https://www.googleapis.com/auth/cloud-platform"]
[debug] [2026-04-21T20:35:09.966Z] > authorizing via signed-in user (zagadyahia2002@gmail.com)
[debug] [2026-04-21T20:35:09.967Z] Checked if tokens are valid: true, expires at: 1776807235662
[debug] [2026-04-21T20:35:09.967Z] Checked if tokens are valid: true, expires at: 1776807235662
[debug] [2026-04-21T20:35:09.968Z] >>> [apiv2][query] GET https://firebase.googleapis.com/v1beta1/projects pageSize=1000
[debug] [2026-04-21T20:35:10.696Z] <<< [apiv2][status] GET https://firebase.googleapis.com/v1beta1/projects 200
[debug] [2026-04-21T20:35:11.965Z] ----------------------------------------------------------------------
[debug] [2026-04-21T20:35:11.966Z] Command:       /usr/local/bin/node /Users/unknownyahia/Documents/SDPII/SDPII/node_modules/.bin/firebase projects:list --json
[debug] [2026-04-21T20:35:11.966Z] CLI Version:   15.14.0
[debug] [2026-04-21T20:35:11.966Z] Platform:      darwin
[debug] [2026-04-21T20:35:11.967Z] Node Version:  v22.14.0
[debug] [2026-04-21T20:35:11.967Z] Time:          Tue Apr 21 2026 23:35:11 GMT+0300 (Arabian Standard Time)
[debug] [2026-04-21T20:35:11.967Z] ----------------------------------------------------------------------
[debug] 
[debug] [2026-04-21T20:35:12.060Z] > command requires scopes: ["email","openid","https://www.googleapis.com/auth/cloudplatformprojects.readonly","https://www.googleapis.com/auth/firebase","https://www.googleapis.com/auth/cloud-platform"]
[debug] [2026-04-21T20:35:12.060Z] > authorizing via signed-in user (zagadyahia2002@gmail.com)
[debug] [2026-04-21T20:35:12.062Z] Checked if tokens are valid: true, expires at: 1776807235662
[debug] [2026-04-21T20:35:12.062Z] Checked if tokens are valid: true, expires at: 1776807235662
[debug] [2026-04-21T20:35:12.062Z] >>> [apiv2][query] GET https://firebase.googleapis.com/v1beta1/projects pageSize=1000
[debug] [2026-04-21T20:35:12.756Z] <<< [apiv2][status] GET https://firebase.googleapis.com/v1beta1/projects 200
[debug] [2026-04-21T20:35:13.590Z] ----------------------------------------------------------------------
[debug] [2026-04-21T20:35:13.592Z] Command:       /usr/local/bin/node /Users/unknownyahia/Documents/SDPII/SDPII/node_modules/.bin/firebase projects:list --json
[debug] [2026-04-21T20:35:13.592Z] CLI Version:   15.14.0
[debug] [2026-04-21T20:35:13.592Z] Platform:      darwin
[debug] [2026-04-21T20:35:13.592Z] Node Version:  v22.14.0
[debug] [2026-04-21T20:35:13.593Z] Time:          Tue Apr 21 2026 23:35:13 GMT+0300 (Arabian Standard Time)
[debug] [2026-04-21T20:35:13.593Z] ----------------------------------------------------------------------
[debug] 
[debug] [2026-04-21T20:35:13.685Z] > command requires scopes: ["email","openid","https://www.googleapis.com/auth/cloudplatformprojects.readonly","https://www.googleapis.com/auth/firebase","https://www.googleapis.com/auth/cloud-platform"]
[debug] [2026-04-21T20:35:13.685Z] > authorizing via signed-in user (zagadyahia2002@gmail.com)
[debug] [2026-04-21T20:35:13.687Z] Checked if tokens are valid: true, expires at: 1776807235662
[debug] [2026-04-21T20:35:13.687Z] Checked if tokens are valid: true, expires at: 1776807235662
[debug] [2026-04-21T20:35:13.687Z] >>> [apiv2][query] GET https://firebase.googleapis.com/v1beta1/projects pageSize=1000
[debug] [2026-04-21T20:35:14.470Z] <<< [apiv2][status] GET https://firebase.googleapis.com/v1beta1/projects 200
[debug] [2026-04-21T20:35:15.357Z] ----------------------------------------------------------------------
[debug] [2026-04-21T20:35:15.358Z] Command:       /usr/local/bin/node /Users/unknownyahia/Documents/SDPII/SDPII/node_modules/.bin/firebase projects:list --json
[debug] [2026-04-21T20:35:15.358Z] CLI Version:   15.14.0
[debug] [2026-04-21T20:35:15.358Z] Platform:      darwin
[debug] [2026-04-21T20:35:15.358Z] Node Version:  v22.14.0
[debug] [2026-04-21T20:35:15.359Z] Time:          Tue Apr 21 2026 23:35:15 GMT+0300 (Arabian Standard Time)
[debug] [2026-04-21T20:35:15.359Z] ----------------------------------------------------------------------
[debug] 
[debug] [2026-04-21T20:35:15.451Z] > command requires scopes: ["email","openid","https://www.googleapis.com/auth/cloudplatformprojects.readonly","https://www.googleapis.com/auth/firebase","https://www.googleapis.com/auth/cloud-platform"]
[debug] [2026-04-21T20:35:15.452Z] > authorizing via signed-in user (zagadyahia2002@gmail.com)
[debug] [2026-04-21T20:35:15.453Z] Checked if tokens are valid: true, expires at: 1776807235662
[debug] [2026-04-21T20:35:15.453Z] Checked if tokens are valid: true, expires at: 1776807235662
[debug] [2026-04-21T20:35:15.454Z] >>> [apiv2][query] GET https://firebase.googleapis.com/v1beta1/projects pageSize=1000
[debug] [2026-04-21T20:35:16.230Z] <<< [apiv2][status] GET https://firebase.googleapis.com/v1beta1/projects 200
[debug] [2026-04-21T20:35:17.237Z] ----------------------------------------------------------------------
[debug] [2026-04-21T20:35:17.238Z] Command:       /usr/local/bin/node /Users/unknownyahia/Documents/SDPII/SDPII/node_modules/.bin/firebase projects:list --json
[debug] [2026-04-21T20:35:17.239Z] CLI Version:   15.14.0
[debug] [2026-04-21T20:35:17.239Z] Platform:      darwin
[debug] [2026-04-21T20:35:17.239Z] Node Version:  v22.14.0
[debug] [2026-04-21T20:35:17.239Z] Time:          Tue Apr 21 2026 23:35:17 GMT+0300 (Arabian Standard Time)
[debug] [2026-04-21T20:35:17.239Z] ----------------------------------------------------------------------
[debug] 
[debug] [2026-04-21T20:35:17.340Z] > command requires scopes: ["email","openid","https://www.googleapis.com/auth/cloudplatformprojects.readonly","https://www.googleapis.com/auth/firebase","https://www.googleapis.com/auth/cloud-platform"]
[debug] [2026-04-21T20:35:17.340Z] > authorizing via signed-in user (zagadyahia2002@gmail.com)
[debug] [2026-04-21T20:35:17.342Z] Checked if tokens are valid: true, expires at: 1776807235662
[debug] [2026-04-21T20:35:17.342Z] Checked if tokens are valid: true, expires at: 1776807235662
[debug] [2026-04-21T20:35:17.343Z] >>> [apiv2][query] GET https://firebase.googleapis.com/v1beta1/projects pageSize=1000
[debug] [2026-04-21T20:35:18.129Z] <<< [apiv2][status] GET https://firebase.googleapis.com/v1beta1/projects 200
[debug] [2026-04-21T20:35:19.588Z] ----------------------------------------------------------------------
[debug] [2026-04-21T20:35:19.590Z] Command:       /usr/local/bin/node /Users/unknownyahia/Documents/SDPII/SDPII/node_modules/.bin/firebase projects:list --json
[debug] [2026-04-21T20:35:19.590Z] CLI Version:   15.14.0
[debug] [2026-04-21T20:35:19.590Z] Platform:      darwin
[debug] [2026-04-21T20:35:19.590Z] Node Version:  v22.14.0
[debug] [2026-04-21T20:35:19.590Z] Time:          Tue Apr 21 2026 23:35:19 GMT+0300 (Arabian Standard Time)
[debug] [2026-04-21T20:35:19.590Z] ----------------------------------------------------------------------
[debug] 
[debug] [2026-04-21T20:35:19.705Z] > command requires scopes: ["email","openid","https://www.googleapis.com/auth/cloudplatformprojects.readonly","https://www.googleapis.com/auth/firebase","https://www.googleapis.com/auth/cloud-platform"]
[debug] [2026-04-21T20:35:19.706Z] > authorizing via signed-in user (zagadyahia2002@gmail.com)
[debug] [2026-04-21T20:35:19.707Z] Checked if tokens are valid: true, expires at: 1776807235662
[debug] [2026-04-21T20:35:19.707Z] Checked if tokens are valid: true, expires at: 1776807235662
[debug] [2026-04-21T20:35:19.708Z] >>> [apiv2][query] GET https://firebase.googleapis.com/v1beta1/projects pageSize=1000
[debug] [2026-04-21T20:35:20.416Z] <<< [apiv2][status] GET https://firebase.googleapis.com/v1beta1/projects 200
[debug] [2026-04-21T20:35:21.720Z] ----------------------------------------------------------------------
[debug] [2026-04-21T20:35:21.722Z] Command:       /usr/local/bin/node /Users/unknownyahia/Documents/SDPII/SDPII/node_modules/.bin/firebase projects:list --json
[debug] [2026-04-21T20:35:21.722Z] CLI Version:   15.14.0
[debug] [2026-04-21T20:35:21.722Z] Platform:      darwin
[debug] [2026-04-21T20:35:21.723Z] Node Version:  v22.14.0
[debug] [2026-04-21T20:35:21.723Z] Time:          Tue Apr 21 2026 23:35:21 GMT+0300 (Arabian Standard Time)
[debug] [2026-04-21T20:35:21.723Z] ----------------------------------------------------------------------
[debug] 
[debug] [2026-04-21T20:35:21.819Z] > command requires scopes: ["email","openid","https://www.googleapis.com/auth/cloudplatformprojects.readonly","https://www.googleapis.com/auth/firebase","https://www.googleapis.com/auth/cloud-platform"]
[debug] [2026-04-21T20:35:21.820Z] > authorizing via signed-in user (zagadyahia2002@gmail.com)
[debug] [2026-04-21T20:35:21.821Z] Checked if tokens are valid: true, expires at: 1776807235662
[debug] [2026-04-21T20:35:21.821Z] Checked if tokens are valid: true, expires at: 1776807235662
[debug] [2026-04-21T20:35:21.822Z] >>> [apiv2][query] GET https://firebase.googleapis.com/v1beta1/projects pageSize=1000
[debug] [2026-04-21T20:35:22.550Z] <<< [apiv2][status] GET https://firebase.googleapis.com/v1beta1/projects 200
[debug] [2026-04-21T20:35:23.823Z] ----------------------------------------------------------------------
[debug] [2026-04-21T20:35:23.824Z] Command:       /usr/local/bin/node /Users/unknownyahia/Documents/SDPII/SDPII/node_modules/.bin/firebase projects:list --json
[debug] [2026-04-21T20:35:23.824Z] CLI Version:   15.14.0
[debug] [2026-04-21T20:35:23.824Z] Platform:      darwin
[debug] [2026-04-21T20:35:23.825Z] Node Version:  v22.14.0
[debug] [2026-04-21T20:35:23.825Z] Time:          Tue Apr 21 2026 23:35:23 GMT+0300 (Arabian Standard Time)
[debug] [2026-04-21T20:35:23.825Z] ----------------------------------------------------------------------
[debug] 
[debug] [2026-04-21T20:35:23.923Z] > command requires scopes: ["email","openid","https://www.googleapis.com/auth/cloudplatformprojects.readonly","https://www.googleapis.com/auth/firebase","https://www.googleapis.com/auth/cloud-platform"]
[debug] [2026-04-21T20:35:23.924Z] > authorizing via signed-in user (zagadyahia2002@gmail.com)
[debug] [2026-04-21T20:35:23.925Z] Checked if tokens are valid: true, expires at: 1776807235662
[debug] [2026-04-21T20:35:23.925Z] Checked if tokens are valid: true, expires at: 1776807235662
[debug] [2026-04-21T20:35:23.926Z] >>> [apiv2][query] GET https://firebase.googleapis.com/v1beta1/projects pageSize=1000
[debug] [2026-04-21T20:35:24.608Z] <<< [apiv2][status] GET https://firebase.googleapis.com/v1beta1/projects 200
[debug] [2026-04-21T20:37:07.920Z] ----------------------------------------------------------------------
[debug] [2026-04-21T20:37:07.921Z] Command:       /usr/local/bin/node /Users/unknownyahia/Documents/SDPII/SDPII/node_modules/.bin/firebase projects:list --json
[debug] [2026-04-21T20:37:07.921Z] CLI Version:   15.14.0
[debug] [2026-04-21T20:37:07.921Z] Platform:      darwin
[debug] [2026-04-21T20:37:07.922Z] Node Version:  v22.14.0
[debug] [2026-04-21T20:37:07.922Z] Time:          Tue Apr 21 2026 23:37:07 GMT+0300 (Arabian Standard Time)
[debug] [2026-04-21T20:37:07.922Z] ----------------------------------------------------------------------
[debug] 
[debug] [2026-04-21T20:37:08.015Z] > command requires scopes: ["email","openid","https://www.googleapis.com/auth/cloudplatformprojects.readonly","https://www.googleapis.com/auth/firebase","https://www.googleapis.com/auth/cloud-platform"]
[debug] [2026-04-21T20:37:08.015Z] > authorizing via signed-in user (zagadyahia2002@gmail.com)
[debug] [2026-04-21T20:37:08.016Z] Checked if tokens are valid: true, expires at: 1776807235662
[debug] [2026-04-21T20:37:08.016Z] Checked if tokens are valid: true, expires at: 1776807235662
[debug] [2026-04-21T20:37:08.017Z] >>> [apiv2][query] GET https://firebase.googleapis.com/v1beta1/projects pageSize=1000
[debug] [2026-04-21T20:37:08.829Z] <<< [apiv2][status] GET https://firebase.googleapis.com/v1beta1/projects 200
[debug] [2026-04-21T20:37:19.913Z] ----------------------------------------------------------------------
[debug] [2026-04-21T20:37:19.914Z] Command:       /usr/local/bin/node /Users/unknownyahia/Documents/SDPII/SDPII/node_modules/.bin/firebase projects:list --json
[debug] [2026-04-21T20:37:19.915Z] CLI Version:   15.14.0
[debug] [2026-04-21T20:37:19.915Z] Platform:      darwin
[debug] [2026-04-21T20:37:19.915Z] Node Version:  v22.14.0
[debug] [2026-04-21T20:37:19.915Z] Time:          Tue Apr 21 2026 23:37:19 GMT+0300 (Arabian Standard Time)
[debug] [2026-04-21T20:37:19.915Z] ----------------------------------------------------------------------
[debug] 
[debug] [2026-04-21T20:37:20.015Z] > command requires scopes: ["email","openid","https://www.googleapis.com/auth/cloudplatformprojects.readonly","https://www.googleapis.com/auth/firebase","https://www.googleapis.com/auth/cloud-platform"]
[debug] [2026-04-21T20:37:20.015Z] > authorizing via signed-in user (zagadyahia2002@gmail.com)
[debug] [2026-04-21T20:37:20.016Z] Checked if tokens are valid: true, expires at: 1776807235662
[debug] [2026-04-21T20:37:20.016Z] Checked if tokens are valid: true, expires at: 1776807235662
[debug] [2026-04-21T20:37:20.017Z] >>> [apiv2][query] GET https://firebase.googleapis.com/v1beta1/projects pageSize=1000
[debug] [2026-04-21T20:37:20.887Z] <<< [apiv2][status] GET https://firebase.googleapis.com/v1beta1/projects 200
[debug] [2026-04-21T20:41:19.513Z] ----------------------------------------------------------------------
[debug] [2026-04-21T20:41:19.514Z] Command:       /usr/local/bin/node /Users/unknownyahia/Documents/SDPII/SDPII/node_modules/.bin/firebase projects:list --json
[debug] [2026-04-21T20:41:19.514Z] CLI Version:   15.14.0
[debug] [2026-04-21T20:41:19.514Z] Platform:      darwin
[debug] [2026-04-21T20:41:19.515Z] Node Version:  v22.14.0
[debug] [2026-04-21T20:41:19.515Z] Time:          Tue Apr 21 2026 23:41:19 GMT+0300 (Arabian Standard Time)
[debug] [2026-04-21T20:41:19.515Z] ----------------------------------------------------------------------
[debug] 
[debug] [2026-04-21T20:41:19.608Z] > command requires scopes: ["email","openid","https://www.googleapis.com/auth/cloudplatformprojects.readonly","https://www.googleapis.com/auth/firebase","https://www.googleapis.com/auth/cloud-platform"]
[debug] [2026-04-21T20:41:19.609Z] > authorizing via signed-in user (zagadyahia2002@gmail.com)
[debug] [2026-04-21T20:41:19.610Z] Checked if tokens are valid: true, expires at: 1776807235662
[debug] [2026-04-21T20:41:19.610Z] Checked if tokens are valid: true, expires at: 1776807235662
[debug] [2026-04-21T20:41:19.611Z] >>> [apiv2][query] GET https://firebase.googleapis.com/v1beta1/projects pageSize=1000
[debug] [2026-04-21T20:41:20.426Z] <<< [apiv2][status] GET https://firebase.googleapis.com/v1beta1/projects 200
[debug] [2026-04-21T20:42:26.421Z] ----------------------------------------------------------------------
[debug] [2026-04-21T20:42:26.422Z] Command:       /usr/local/bin/node /Users/unknownyahia/Documents/SDPII/SDPII/node_modules/.bin/firebase projects:list --json
[debug] [2026-04-21T20:42:26.423Z] CLI Version:   15.14.0
[debug] [2026-04-21T20:42:26.423Z] Platform:      darwin
[debug] [2026-04-21T20:42:26.423Z] Node Version:  v22.14.0
[debug] [2026-04-21T20:42:26.423Z] Time:          Tue Apr 21 2026 23:42:26 GMT+0300 (Arabian Standard Time)
[debug] [2026-04-21T20:42:26.423Z] ----------------------------------------------------------------------
[debug] 
[debug] [2026-04-21T20:42:26.519Z] > command requires scopes: ["email","openid","https://www.googleapis.com/auth/cloudplatformprojects.readonly","https://www.googleapis.com/auth/firebase","https://www.googleapis.com/auth/cloud-platform"]
[debug] [2026-04-21T20:42:26.519Z] > authorizing via signed-in user (zagadyahia2002@gmail.com)
[debug] [2026-04-21T20:42:26.521Z] Checked if tokens are valid: true, expires at: 1776807235662
[debug] [2026-04-21T20:42:26.521Z] Checked if tokens are valid: true, expires at: 1776807235662
[debug] [2026-04-21T20:42:26.521Z] >>> [apiv2][query] GET https://firebase.googleapis.com/v1beta1/projects pageSize=1000
[debug] [2026-04-21T20:42:27.292Z] <<< [apiv2][status] GET https://firebase.googleapis.com/v1beta1/projects 200
[debug] [2026-04-21T20:42:37.571Z] ----------------------------------------------------------------------
[debug] [2026-04-21T20:42:37.573Z] Command:       /usr/local/bin/node /Users/unknownyahia/Documents/SDPII/SDPII/node_modules/.bin/firebase projects:list --json
[debug] [2026-04-21T20:42:37.573Z] CLI Version:   15.14.0
[debug] [2026-04-21T20:42:37.573Z] Platform:      darwin
[debug] [2026-04-21T20:42:37.573Z] Node Version:  v22.14.0
[debug] [2026-04-21T20:42:37.573Z] Time:          Tue Apr 21 2026 23:42:37 GMT+0300 (Arabian Standard Time)
[debug] [2026-04-21T20:42:37.573Z] ----------------------------------------------------------------------
[debug] 
[debug] [2026-04-21T20:42:37.668Z] > command requires scopes: ["email","openid","https://www.googleapis.com/auth/cloudplatformprojects.readonly","https://www.googleapis.com/auth/firebase","https://www.googleapis.com/auth/cloud-platform"]
[debug] [2026-04-21T20:42:37.668Z] > authorizing via signed-in user (zagadyahia2002@gmail.com)
[debug] [2026-04-21T20:42:37.670Z] Checked if tokens are valid: true, expires at: 1776807235662
[debug] [2026-04-21T20:42:37.670Z] Checked if tokens are valid: true, expires at: 1776807235662
[debug] [2026-04-21T20:42:37.671Z] >>> [apiv2][query] GET https://firebase.googleapis.com/v1beta1/projects pageSize=1000
[debug] [2026-04-21T20:42:38.590Z] <<< [apiv2][status] GET https://firebase.googleapis.com/v1beta1/projects 200
[debug] [2026-04-21T20:42:53.162Z] ----------------------------------------------------------------------
[debug] [2026-04-21T20:42:53.163Z] Command:       /usr/local/bin/node /Users/unknownyahia/Documents/SDPII/SDPII/node_modules/.bin/firebase projects:list --json
[debug] [2026-04-21T20:42:53.164Z] CLI Version:   15.14.0
[debug] [2026-04-21T20:42:53.164Z] Platform:      darwin
[debug] [2026-04-21T20:42:53.164Z] Node Version:  v22.14.0
[debug] [2026-04-21T20:42:53.164Z] Time:          Tue Apr 21 2026 23:42:53 GMT+0300 (Arabian Standard Time)
[debug] [2026-04-21T20:42:53.164Z] ----------------------------------------------------------------------
[debug] 
[debug] [2026-04-21T20:42:53.262Z] > command requires scopes: ["email","openid","https://www.googleapis.com/auth/cloudplatformprojects.readonly","https://www.googleapis.com/auth/firebase","https://www.googleapis.com/auth/cloud-platform"]
[debug] [2026-04-21T20:42:53.262Z] > authorizing via signed-in user (zagadyahia2002@gmail.com)
[debug] [2026-04-21T20:42:53.263Z] Checked if tokens are valid: true, expires at: 1776807235662
[debug] [2026-04-21T20:42:53.263Z] Checked if tokens are valid: true, expires at: 1776807235662
[debug] [2026-04-21T20:42:53.264Z] >>> [apiv2][query] GET https://firebase.googleapis.com/v1beta1/projects pageSize=1000
[debug] [2026-04-21T20:42:53.965Z] <<< [apiv2][status] GET https://firebase.googleapis.com/v1beta1/projects 200
